{
  "versionInfo": "00000001",
  "resources": [
    {
      "@type": "type.googleapis.com/envoy.api.v2.Listener",
      "name": "exposed_path_debug:1.2.3.4:21500",
      "address": {
        "socketAddress": {
          "address": "1.2.3.4",
          "portValue": 21500
        }
      },
      "filterChains": [
        {
          "filterChainMatch": {
            "sourcePrefixRanges": [
              {
                "addressPrefix": "127.0.0.1",
                "prefixLen": 8
              },
              {
                "addressPrefix": "192.0.2.1",
                "prefixLen": 32
              },
              {
                "addressPrefix": "::1",
                "prefixLen": 128
              }
            ]
          },
          "filters": [
            {
              "name": "envoy.http_connection_manager",
              "config": {
                  "http_filters": [
                        {
                              "name": "envoy.router"
                            }
                      ],
                  "route_config": {
                        "name": "exposed_path_filter_debug_21500",
                        "virtual_hosts": [
                              {
                                    "domains": [
                                          "*"
                                        ],
                                    "name": "exposed_path_filter_debug_21500",
                                    "routes": [
                                          {
                                                "match": {
                                                      "path": "/debug"
                                                    },
                                                "route": {
                                                      "cluster": "exposed_cluster_8181"
                                                    }
                                              }
                                        ]
                                  }
                            ]
                      },
                  "stat_prefix": "exposed_path_filter_debug_21500",
                  "tracing": {
                        "random_sampling": {
                            }
                      }
                }
            }
          ]
        }
      ]
    },
    {
      "@type": "type.googleapis.com/envoy.api.v2.Listener",
      "name": "public_listener:1.2.3.4:8080",
      "address": {
        "socketAddress": {
          "address": "1.2.3.4",
          "portValue": 8080
        }
      },
      "filterChains": [
        {
          "tlsContext": {
            "requireClientCertificate": true
          },
          "filters": [
            {
              "name": "envoy.filters.network.rbac",
              "config": {
                  "rules": {
                      },
                  "stat_prefix": "connect_authz"
                }
            },
            {
              "name": "envoy.tcp_proxy",
              "config": {
                  "cluster": "local_app",
                  "stat_prefix": "public_listener"
                }
            }
          ]
        }
      ]
    }
  ],
  "typeUrl": "type.googleapis.com/envoy.api.v2.Listener",
  "nonce": "00000001"
}