{
  "versionInfo": "00000001",
  "resources": [
    {
      "@type": "type.googleapis.com/envoy.api.v2.Listener",
      "name": "foo:1.2.3.4:8080",
      "address": {
        "socketAddress": {
          "address": "1.2.3.4",
          "portValue": 8080
        }
      },
      "filterChains": [
        {
          "filters": [
            {
              "name": "envoy.filters.network.tcp_proxy",
              "typedConfig": {
                "@type": "type.googleapis.com/envoy.config.filter.network.tcp_proxy.v2.TcpProxy",
                "statPrefix": "upstream.foo.default.default.dc1",
                "cluster": "foo.default.dc1.internal.11111111-2222-3333-4444-555555555555.consul"
              }
            }
          ],
          "transportSocket": {
            "name": "tls",
            "typedConfig": {
              "@type": "type.googleapis.com/envoy.api.v2.auth.DownstreamTlsContext",
              "commonTlsContext": {
                "tlsParams": {

                },
                "tlsCertificateSdsSecretConfigs": [
                  {
                    "name": "listener-cert",
                    "sdsConfig": {
                      "apiConfigSource": {
                        "apiType": "GRPC",
                        "transportApiVersion": "V2",
                        "grpcServices": [
                          {
                            "envoyGrpc": {
                              "clusterName": "sds-cluster"
                            },
                            "timeout": "5s"
                          }
                        ]
                      },
                      "resourceApiVersion": "V2"
                    }
                  }
                ]
              },
              "requireClientCertificate": false
            }
          }
        }
      ],
      "trafficDirection": "OUTBOUND"
    }
  ],
  "typeUrl": "type.googleapis.com/envoy.api.v2.Listener",
  "nonce": "00000001"
}