{
  "versionInfo": "00000001",
  "resources": [
    {
      "@type": "type.googleapis.com/envoy.api.v2.Listener",
      "name": "http:1.2.3.4:8080",
      "address": {
        "socketAddress": {
          "address": "1.2.3.4",
          "portValue": 8080
        }
      },
      "filterChains": [
        {
          "filterChainMatch": {
            "serverNames": [
              "s1.example.com"
            ]
          },
          "filters": [
            {
              "name": "envoy.filters.network.http_connection_manager",
              "typedConfig": {
                "@type": "type.googleapis.com/envoy.config.filter.network.http_connection_manager.v2.HttpConnectionManager",
                "statPrefix": "ingress_upstream_8080_s1",
                "rds": {
                  "configSource": {
                    "ads": {

                    },
                    "resourceApiVersion": "V2"
                  },
                  "routeConfigName": "8080_s1"
                },
                "httpFilters": [
                  {
                    "name": "envoy.filters.http.router"
                  }
                ],
                "tracing": {
                  "randomSampling": {

                  }
                }
              }
            }
          ],
          "transportSocket": {
            "name": "tls",
            "typedConfig": {
              "@type": "type.googleapis.com/envoy.api.v2.auth.DownstreamTlsContext",
              "commonTlsContext": {
                "tlsParams": {

                },
                "tlsCertificateSdsSecretConfigs": [
                  {
                    "name": "s1.example.com-cert",
                    "sdsConfig": {
                      "apiConfigSource": {
                        "apiType": "GRPC",
                        "transportApiVersion": "V2",
                        "clusterNames": [
                          "sds-cluster-1"
                        ]
                      },
                      "resourceApiVersion": "V2"
                    }
                  }
                ]
              },
              "requireClientCertificate": false
            }
          }
        },
        {
          "filterChainMatch": {
            "serverNames": [
              "s2.example.com"
            ]
          },
          "filters": [
            {
              "name": "envoy.filters.network.http_connection_manager",
              "typedConfig": {
                "@type": "type.googleapis.com/envoy.config.filter.network.http_connection_manager.v2.HttpConnectionManager",
                "statPrefix": "ingress_upstream_8080_s2",
                "rds": {
                  "configSource": {
                    "ads": {

                    },
                    "resourceApiVersion": "V2"
                  },
                  "routeConfigName": "8080_s2"
                },
                "httpFilters": [
                  {
                    "name": "envoy.filters.http.router"
                  }
                ],
                "tracing": {
                  "randomSampling": {

                  }
                }
              }
            }
          ],
          "transportSocket": {
            "name": "tls",
            "typedConfig": {
              "@type": "type.googleapis.com/envoy.api.v2.auth.DownstreamTlsContext",
              "commonTlsContext": {
                "tlsParams": {

                },
                "tlsCertificateSdsSecretConfigs": [
                  {
                    "name": "s2.example.com-cert",
                    "sdsConfig": {
                      "apiConfigSource": {
                        "apiType": "GRPC",
                        "transportApiVersion": "V2",
                        "clusterNames": [
                          "sds-cluster-2"
                        ]
                      },
                      "resourceApiVersion": "V2"
                    }
                  }
                ]
              },
              "requireClientCertificate": false
            }
          }
        }
      ],
      "listenerFilters": [
        {
          "name": "envoy.filters.listener.tls_inspector"
        }
      ],
      "trafficDirection": "OUTBOUND"
    }
  ],
  "typeUrl": "type.googleapis.com/envoy.api.v2.Listener",
  "nonce": "00000001"
}