{
  "name": "envoy.filters.http.rbac",
  "typedConfig": {
    "@type": "type.googleapis.com/envoy.config.filter.http.rbac.v2.RBAC",
    "rules": {
      "policies": {
        "consul-intentions-layer4": {
          "permissions": [
            {
              "any": true
            }
          ],
          "principals": [
            {
              "authenticated": {
                "principalName": {
                  "safeRegex": {
                    "googleRe2": {

                    },
                    "regex": "^spiffe://[^/]+/ns/default/dc/[^/]+/svc/web$"
                  }
                }
              }
            }
          ]
        }
      }
    }
  }
}